14:45:04 **** Build of configuration Debug for project 007_LED_BLINK_HALL ****
make -j12 all 
arm-none-eabi-gcc -c "../Src/main.c" -mcpu=cortex-m4 -std=gnu11 -g3 -DUSE_HAL_DRIVER -DSTM32F407xx -c -I../Inc -I../Drivers/STM32F4xx_HAL_Driver/Inc -I../Drivers/STM32F4xx_HAL_Driver/Inc/Legacy -I../Drivers/CMSIS/Device/ST/STM32F4xx/Include -I../Drivers/CMSIS/Include -O0 -ffunction-sections -fdata-sections -Wall -fstack-usage -MMD -MP -MF"Src/main.d" -MT"Src/main.o" --specs=nano.specs -mfpu=fpv4-sp-d16 -mfloat-abi=hard -mthumb -o "Src/main.o"
../Src/main.c:8:1: warning: "/*" within comment [-Wcomment]
    8 | /* USER CODE BEGIN Header */
      |  
arm-none-eabi-gcc -o "007_LED_BLINK_HALL.elf" @"objects.list"   -mcpu=cortex-m4 -T"../STM32F407VG_FLASH.ld" --specs=nosys.specs -Wl,-Map="007_LED_BLINK_HALL.map" -Wl,--gc-sections -static --specs=nano.specs -mfpu=fpv4-sp-d16 -mfloat-abi=hard -mthumb -Wl,--start-group -lc -lm -Wl,--end-group
Finished building target: 007_LED_BLINK_HALL.elf
 
arm-none-eabi-size   007_LED_BLINK_HALL.elf 
arm-none-eabi-objdump -h -S  007_LED_BLINK_HALL.elf  > "007_LED_BLINK_HALL.list"
   text	   data	    bss	    dec	    hex	filename
   5856	     20	   1568	   7444	   1d14	007_LED_BLINK_HALL.elf
Finished building: default.size.stdout
 
Finished building: 007_LED_BLINK_HALL.list
 
arm-none-eabi-objcopy.exe -O ihex "007_LED_BLINK_HALL.elf" "007_LED_BLINK_HALL.hex"
 

14:45:06 Build Finished. 0 errors, 1 warnings. (took 1s.410ms)

