14:45:28 **** Incremental Build of configuration Debug for project 032_HAL_TIME_SLAVE_TRIGGER_MODE ****
make -j12 all 
arm-none-eabi-size   032_HAL_TIME_SLAVE_TRIGGER_MODE.elf 
   text	   data	    bss	    dec	    hex	filename
   8848	     20	   1644	  10512	   2910	032_HAL_TIME_SLAVE_TRIGGER_MODE.elf
Finished building: default.size.stdout
 
arm-none-eabi-objcopy.exe -O ihex "032_HAL_TIME_SLAVE_TRIGGER_MODE.elf" "032_HAL_TIME_SLAVE_TRIGGER_MODE.hex"
 

14:45:29 Build Finished. 0 errors, 0 warnings. (took 533ms)

