16:22:14 **** Incremental Build of configuration Debug for project 033_HAL_TIMER_TRIGGERMODE_EXTI ****
make -j12 all 
arm-none-eabi-size   033_HAL_TIMER_TRIGGERMODE_EXTI.elf 
   text	   data	    bss	    dec	    hex	filename
   8968	     20	   1640	  10628	   2984	033_HAL_TIMER_TRIGGERMODE_EXTI.elf
Finished building: default.size.stdout
 
arm-none-eabi-objcopy.exe -O ihex "033_HAL_TIMER_TRIGGERMODE_EXTI.elf" "033_HAL_TIMER_TRIGGERMODE_EXTI.hex"
 

16:22:15 Build Finished. 0 errors, 0 warnings. (took 474ms)

