14:45:29 **** Incremental Build of configuration Debug for project 033_HAL_TIM_TRIGGERMode_EXternalInterrupt ****
make -j12 all 
arm-none-eabi-size   033_HAL_TIM_TRIGGERMode_EXternalInterrupt.elf 
   text	   data	    bss	    dec	    hex	filename
   8848	     20	   1644	  10512	   2910	033_HAL_TIM_TRIGGERMode_EXternalInterrupt.elf
Finished building: default.size.stdout
 
arm-none-eabi-objcopy.exe -O ihex "033_HAL_TIM_TRIGGERMode_EXternalInterrupt.elf" "033_HAL_TIM_TRIGGERMode_EXternalInterrupt.hex"
 

14:45:29 Build Finished. 0 errors, 0 warnings. (took 536ms)

