12:30:10 **** Incremental Build of configuration Debug for project 036_HAL_TIM_SALVEtrigger_EXTI ****
make -j12 all 
arm-none-eabi-size   036_HAL_TIM_SALVEtrigger_EXTI.elf 
   text	   data	    bss	    dec	    hex	filename
   8180	     20	   1644	   9844	   2674	036_HAL_TIM_SALVEtrigger_EXTI.elf
Finished building: default.size.stdout
 
arm-none-eabi-objcopy.exe -O ihex "036_HAL_TIM_SALVEtrigger_EXTI.elf" "036_HAL_TIM_SALVEtrigger_EXTI.hex"
 

12:30:11 Build Finished. 0 errors, 0 warnings. (took 809ms)

